Component: ARM Compiler 5.06 update 6 (build 750) Tool: armlink [4d35ed]

==============================================================================

Section Cross References

    main.o(.text) refers to tbitmap.o(.text) for tBitmapGetFirstSet
    main.o(.text) refers to tlist.o(.text) for tListFirst
    main.o(.text) refers to switch.o(.text) for tTaskEnterCritical
    main.o(.text) refers to thooks.o(.text) for tHooksTaskSwitch
    main.o(.text) refers to tevent.o(.text) for tEventRemoveTask
    main.o(.text) refers to app.o(.text) for tInitApp
    main.o(.text) refers to tcpu.o(.text) for tSetSysTickPeriod
    main.o(.text) refers to ttask.o(.text) for tTaskInit
    main.o(.text) refers to main.o(.data) for taskPrioBitmap
    main.o(.text) refers to main.o(.bss) for taskTable
    switch.o(.emb_text) refers to switch.o(.text) for saveAndLoadStackAddr
    switch.o(.text) refers to main.o(.data) for currentTask
    tbitmap.o(.text) refers to tbitmap.o(.constdata) for quickFindTable
    app.o(.text) refers to ttime.o(.text) for tTaskDelay
    app.o(.text) refers to ttask.o(.text) for tTaskInit
    app.o(.text) refers to app.o(.data) for task1Flag
    app.o(.text) refers to app.o(.bss) for task1Env
    tcpu.o(.text) refers to system_armcm7.o(.text) for SystemCoreClockUpdate
    tcpu.o(.text) refers to main.o(.text) for tTaskSystemTickHandler
    tcpu.o(.text) refers to system_armcm7.o(.data) for SystemCoreClock
    ttask.o(.text) refers to rt_memclr_w.o(.text) for __aeabi_memclr4
    ttask.o(.text) refers to tlist.o(.text) for tNodeInit
    ttask.o(.text) refers to main.o(.text) for tTaskSchedRdy
    ttask.o(.text) refers to thooks.o(.text) for tHooksTaskInit
    ttask.o(.text) refers to switch.o(.text) for tTaskEnterCritical
    ttask.o(.text) refers to main.o(.data) for currentTask
    ttime.o(.text) refers to switch.o(.text) for tTaskEnterCritical
    ttime.o(.text) refers to main.o(.text) for tTimeTaskWait
    ttime.o(.text) refers to main.o(.data) for currentTask
    tevent.o(.text) refers to tlist.o(.text) for tListInit
    tevent.o(.text) refers to switch.o(.text) for tTaskEnterCritical
    tevent.o(.text) refers to main.o(.text) for tTaskSchedUnRdy
    startup_armcm7.o(STACK) refers (Special) to heapauxi.o(.text) for __use_two_region_memory
    startup_armcm7.o(HEAP) refers (Special) to heapauxi.o(.text) for __use_two_region_memory
    startup_armcm7.o(RESET) refers (Special) to heapauxi.o(.text) for __use_two_region_memory
    startup_armcm7.o(RESET) refers to startup_armcm7.o(STACK) for __initial_sp
    startup_armcm7.o(RESET) refers to startup_armcm7.o(.text) for Reset_Handler
    startup_armcm7.o(RESET) refers to switch.o(.emb_text) for PendSV_Handler
    startup_armcm7.o(RESET) refers to tcpu.o(.text) for SysTick_Handler
    startup_armcm7.o(.text) refers (Special) to heapauxi.o(.text) for __use_two_region_memory
    startup_armcm7.o(.text) refers to system_armcm7.o(.text) for SystemInit
    startup_armcm7.o(.text) refers to __main.o(!!!main) for __main
    system_armcm7.o(.text) refers to system_armcm7.o(.data) for SystemCoreClock
    system_armcm7.o(.text) refers to startup_armcm7.o(RESET) for __Vectors
    __main.o(!!!main) refers to __rtentry.o(.ARM.Collect$$rtentry$$00000000) for __rt_entry
    __rtentry.o(.ARM.Collect$$rtentry$$00000000) refers (Special) to __rtentry2.o(.ARM.Collect$$rtentry$$0000000A) for __rt_entry_li
    __rtentry.o(.ARM.Collect$$rtentry$$00000000) refers (Special) to __rtentry2.o(.ARM.Collect$$rtentry$$0000000D) for __rt_entry_main
    __rtentry.o(.ARM.Collect$$rtentry$$00000000) refers (Special) to __rtentry2.o(.ARM.Collect$$rtentry$$0000000C) for __rt_entry_postli_1
    __rtentry.o(.ARM.Collect$$rtentry$$00000000) refers (Special) to __rtentry2.o(.ARM.Collect$$rtentry$$00000009) for __rt_entry_postsh_1
    __rtentry.o(.ARM.Collect$$rtentry$$00000000) refers (Special) to __rtentry2.o(.ARM.Collect$$rtentry$$00000002) for __rt_entry_presh_1
    __rtentry.o(.ARM.Collect$$rtentry$$00000000) refers (Special) to __rtentry5.o(.ARM.Collect$$rtentry$$00000005) for __rt_entry_sh
    __rtentry2.o(.ARM.Collect$$rtentry$$00000008) refers to boardinit2.o(.text) for _platform_post_stackheap_init
    __rtentry2.o(.ARM.Collect$$rtentry$$0000000A) refers to libinit.o(.ARM.Collect$$libinit$$00000000) for __rt_lib_init
    __rtentry2.o(.ARM.Collect$$rtentry$$0000000B) refers to boardinit3.o(.text) for _platform_post_lib_init
    __rtentry2.o(.ARM.Collect$$rtentry$$0000000D) refers to main.o(.text) for main
    __rtentry2.o(.ARM.Collect$$rtentry$$0000000D) refers to exit.o(.text) for exit
    __rtentry2.o(.ARM.exidx) refers to __rtentry2.o(.ARM.Collect$$rtentry$$00000001) for .ARM.Collect$$rtentry$$00000001
    __rtentry2.o(.ARM.exidx) refers to __rtentry2.o(.ARM.Collect$$rtentry$$00000008) for .ARM.Collect$$rtentry$$00000008
    __rtentry2.o(.ARM.exidx) refers to __rtentry2.o(.ARM.Collect$$rtentry$$0000000A) for .ARM.Collect$$rtentry$$0000000A
    __rtentry2.o(.ARM.exidx) refers to __rtentry2.o(.ARM.Collect$$rtentry$$0000000B) for .ARM.Collect$$rtentry$$0000000B
    __rtentry2.o(.ARM.exidx) refers to __rtentry2.o(.ARM.Collect$$rtentry$$0000000D) for .ARM.Collect$$rtentry$$0000000D
    __rtentry4.o(.ARM.Collect$$rtentry$$00000004) refers to sys_stackheap_outer.o(.text) for __user_setup_stackheap
    __rtentry4.o(.ARM.exidx) refers to __rtentry4.o(.ARM.Collect$$rtentry$$00000004) for .ARM.Collect$$rtentry$$00000004
    __rtentry5.o(.ARM.Collect$$rtentry$$00000005) refers to __rtentry5.o(.ARM.Collect$$rtentry$$00002716) for __lit__00000000
    __rtentry5.o(.ARM.Collect$$rtentry$$00002716) refers to startup_armcm7.o(STACK) for __initial_sp
    __rtentry5.o(__vectab_stack_and_reset_sym_area) refers to startup_armcm7.o(STACK) for __initial_sp
    __rtentry5.o(__vectab_stack_and_reset_sym_area) refers to __main.o(!!!main) for __main
    __rtentry5.o(.ARM.exidx) refers to __rtentry5.o(.ARM.Collect$$rtentry$$00000005) for .ARM.Collect$$rtentry$$00000005
    __rtentry5.o(.ARM.exidx) refers to __rtentry5.o(.ARM.Collect$$rtentry$$00002716) for .ARM.Collect$$rtentry$$00002716
    sys_stackheap_outer.o(.text) refers to libspace.o(.text) for __user_perproc_libspace
    sys_stackheap_outer.o(.text) refers to sys_stackheap.o(.text) for __user_initial_stackheap
    exit.o(.text) refers to rtexit.o(.ARM.Collect$$rtexit$$00000000) for __rt_exit
    libinit.o(.ARM.Collect$$libinit$$00000000) refers (Special) to libinit2.o(.ARM.Collect$$libinit$$0000002E) for __rt_lib_init_alloca_1
    libinit.o(.ARM.Collect$$libinit$$00000000) refers (Special) to libinit2.o(.ARM.Collect$$libinit$$0000002C) for __rt_lib_init_argv_1
    libinit.o(.ARM.Collect$$libinit$$00000000) refers (Special) to libinit2.o(.ARM.Collect$$libinit$$0000001B) for __rt_lib_init_atexit_1
    libinit.o(.ARM.Collect$$libinit$$00000000) refers (Special) to libinit2.o(.ARM.Collect$$libinit$$00000021) for __rt_lib_init_clock_1
    libinit.o(.ARM.Collect$$libinit$$00000000) refers (Special) to libinit2.o(.ARM.Collect$$libinit$$00000032) for __rt_lib_init_cpp_1
    libinit.o(.ARM.Collect$$libinit$$00000000) refers (Special) to libinit2.o(.ARM.Collect$$libinit$$00000030) for __rt_lib_init_exceptions_1
    libinit.o(.ARM.Collect$$libinit$$00000000) refers (Special) to libinit2.o(.ARM.Collect$$libinit$$00000002) for __rt_lib_init_fp_1
    libinit.o(.ARM.Collect$$libinit$$00000000) refers (Special) to libinit2.o(.ARM.Collect$$libinit$$0000001F) for __rt_lib_init_fp_trap_1
    libinit.o(.ARM.Collect$$libinit$$00000000) refers (Special) to libinit2.o(.ARM.Collect$$libinit$$00000023) for __rt_lib_init_getenv_1
    libinit.o(.ARM.Collect$$libinit$$00000000) refers (Special) to libinit2.o(.ARM.Collect$$libinit$$0000000A) for __rt_lib_init_heap_1
    libinit.o(.ARM.Collect$$libinit$$00000000) refers (Special) to libinit2.o(.ARM.Collect$$libinit$$00000011) for __rt_lib_init_lc_collate_1
    libinit.o(.ARM.Collect$$libinit$$00000000) refers (Special) to libinit2.o(.ARM.Collect$$libinit$$00000013) for __rt_lib_init_lc_ctype_1
    libinit.o(.ARM.Collect$$libinit$$00000000) refers (Special) to libinit2.o(.ARM.Collect$$libinit$$00000015) for __rt_lib_init_lc_monetary_1
    libinit.o(.ARM.Collect$$libinit$$00000000) refers (Special) to libinit2.o(.ARM.Collect$$libinit$$00000017) for __rt_lib_init_lc_numeric_1
    libinit.o(.ARM.Collect$$libinit$$00000000) refers (Special) to libinit2.o(.ARM.Collect$$libinit$$00000019) for __rt_lib_init_lc_time_1
    libinit.o(.ARM.Collect$$libinit$$00000000) refers (Special) to libinit2.o(.ARM.Collect$$libinit$$00000004) for __rt_lib_init_preinit_1
    libinit.o(.ARM.Collect$$libinit$$00000000) refers (Special) to libinit2.o(.ARM.Collect$$libinit$$0000000E) for __rt_lib_init_rand_1
    libinit.o(.ARM.Collect$$libinit$$00000000) refers (Special) to libinit2.o(.ARM.Collect$$libinit$$00000033) for __rt_lib_init_return
    libinit.o(.ARM.Collect$$libinit$$00000000) refers (Special) to libinit2.o(.ARM.Collect$$libinit$$0000001D) for __rt_lib_init_signal_1
    libinit.o(.ARM.Collect$$libinit$$00000000) refers (Special) to libinit2.o(.ARM.Collect$$libinit$$00000025) for __rt_lib_init_stdio_1
    libinit.o(.ARM.Collect$$libinit$$00000000) refers (Special) to libinit2.o(.ARM.Collect$$libinit$$0000000C) for __rt_lib_init_user_alloc_1
    libspace.o(.text) refers to libspace.o(.bss) for __libspace_start
    sys_stackheap.o(.text) refers (Special) to indicate_semi.o(.text) for __semihosting_library_function
    sys_stackheap.o(.text) refers to use_no_semi.o(.text) for __I$use$semihosting
    rtexit.o(.ARM.Collect$$rtexit$$00000000) refers (Special) to rtexit2.o(.ARM.Collect$$rtexit$$00000004) for __rt_exit_exit
    rtexit.o(.ARM.Collect$$rtexit$$00000000) refers (Special) to rtexit2.o(.ARM.Collect$$rtexit$$00000003) for __rt_exit_ls
    rtexit.o(.ARM.Collect$$rtexit$$00000000) refers (Special) to rtexit2.o(.ARM.Collect$$rtexit$$00000002) for __rt_exit_prels_1
    rtexit.o(.ARM.exidx) refers (Special) to rtexit2.o(.ARM.Collect$$rtexit$$00000004) for __rt_exit_exit
    rtexit.o(.ARM.exidx) refers (Special) to rtexit2.o(.ARM.Collect$$rtexit$$00000003) for __rt_exit_ls
    rtexit.o(.ARM.exidx) refers (Special) to rtexit2.o(.ARM.Collect$$rtexit$$00000002) for __rt_exit_prels_1
    rtexit.o(.ARM.exidx) refers to rtexit.o(.ARM.Collect$$rtexit$$00000000) for .ARM.Collect$$rtexit$$00000000
    libinit2.o(.ARM.Collect$$libinit$$00000010) refers to libinit2.o(.ARM.Collect$$libinit$$0000000F) for .ARM.Collect$$libinit$$0000000F
    libinit2.o(.ARM.Collect$$libinit$$00000012) refers to libinit2.o(.ARM.Collect$$libinit$$0000000F) for .ARM.Collect$$libinit$$0000000F
    libinit2.o(.ARM.Collect$$libinit$$00000014) refers to libinit2.o(.ARM.Collect$$libinit$$0000000F) for .ARM.Collect$$libinit$$0000000F
    libinit2.o(.ARM.Collect$$libinit$$00000016) refers to libinit2.o(.ARM.Collect$$libinit$$0000000F) for .ARM.Collect$$libinit$$0000000F
    libinit2.o(.ARM.Collect$$libinit$$00000018) refers to libinit2.o(.ARM.Collect$$libinit$$0000000F) for .ARM.Collect$$libinit$$0000000F
    libinit2.o(.ARM.Collect$$libinit$$00000026) refers to argv_veneer.o(.emb_text) for __ARM_argv_veneer
    libinit2.o(.ARM.Collect$$libinit$$00000027) refers to argv_veneer.o(.emb_text) for __ARM_argv_veneer
    libinit3.o(.ARM.Collect$$libinit$$00000006) refers to libinit3.o(.ARM.Collect$$libinit$$00002717) for __lit__00000000
    libinit3.o(.ARM.Collect$$libinit$$00002717) refers to startup_armcm7.o(HEAP) for __heap_base
    libinit3.o(.ARM.Collect$$libinit$$00000028) refers to libinit3.o(.ARM.Collect$$libinit$$00002739) for __lit__00000002
    libinit3.o(.ARM.Collect$$libinit$$00000028) refers to argv_veneer.o(.emb_text) for __ARM_argv_veneer
    libinit3.o(.ARM.Collect$$libinit$$00002739) refers to startup_armcm7.o(HEAP) for __heap_base
    rtexit2.o(.ARM.Collect$$rtexit$$00000003) refers to libshutdown.o(.ARM.Collect$$libshutdown$$00000000) for __rt_lib_shutdown
    rtexit2.o(.ARM.Collect$$rtexit$$00000004) refers to sys_exit.o(.text) for _sys_exit
    rtexit2.o(.ARM.exidx) refers to rtexit2.o(.ARM.Collect$$rtexit$$00000001) for .ARM.Collect$$rtexit$$00000001
    rtexit2.o(.ARM.exidx) refers to rtexit2.o(.ARM.Collect$$rtexit$$00000003) for .ARM.Collect$$rtexit$$00000003
    rtexit2.o(.ARM.exidx) refers to rtexit2.o(.ARM.Collect$$rtexit$$00000004) for .ARM.Collect$$rtexit$$00000004
    argv_veneer.o(.emb_text) refers to no_argv.o(.text) for __ARM_get_argv
    sys_exit.o(.text) refers (Special) to use_no_semi.o(.text) for __I$use$semihosting
    sys_exit.o(.text) refers (Special) to indicate_semi.o(.text) for __semihosting_library_function
    _get_argv_nomalloc.o(.text) refers (Special) to hrguard.o(.text) for __heap_region$guard
    _get_argv_nomalloc.o(.text) refers to defsig_rtmem_outer.o(.text) for __rt_SIGRTMEM
    _get_argv_nomalloc.o(.text) refers to sys_command.o(.text) for _sys_command_string
    libshutdown.o(.ARM.Collect$$libshutdown$$00000000) refers (Special) to libshutdown2.o(.ARM.Collect$$libshutdown$$00000002) for __rt_lib_shutdown_cpp_1
    libshutdown.o(.ARM.Collect$$libshutdown$$00000000) refers (Special) to libshutdown2.o(.ARM.Collect$$libshutdown$$00000007) for __rt_lib_shutdown_fp_trap_1
    libshutdown.o(.ARM.Collect$$libshutdown$$00000000) refers (Special) to libshutdown2.o(.ARM.Collect$$libshutdown$$0000000F) for __rt_lib_shutdown_heap_1
    libshutdown.o(.ARM.Collect$$libshutdown$$00000000) refers (Special) to libshutdown2.o(.ARM.Collect$$libshutdown$$00000010) for __rt_lib_shutdown_return
    libshutdown.o(.ARM.Collect$$libshutdown$$00000000) refers (Special) to libshutdown2.o(.ARM.Collect$$libshutdown$$0000000A) for __rt_lib_shutdown_signal_1
    libshutdown.o(.ARM.Collect$$libshutdown$$00000000) refers (Special) to libshutdown2.o(.ARM.Collect$$libshutdown$$00000004) for __rt_lib_shutdown_stdio_1
    libshutdown.o(.ARM.Collect$$libshutdown$$00000000) refers (Special) to libshutdown2.o(.ARM.Collect$$libshutdown$$0000000C) for __rt_lib_shutdown_user_alloc_1
    sys_command.o(.text) refers (Special) to use_no_semi.o(.text) for __I$use$semihosting
    sys_command.o(.text) refers (Special) to indicate_semi.o(.text) for __semihosting_library_function
    defsig_rtmem_outer.o(.text) refers to defsig_rtmem_inner.o(.text) for __rt_SIGRTMEM_inner
    defsig_rtmem_outer.o(.text) refers to defsig_exit.o(.text) for __sig_exit
    defsig_rtmem_formal.o(.text) refers to rt_raise.o(.text) for __rt_raise
    rt_raise.o(.text) refers to __raise.o(.text) for __raise
    rt_raise.o(.text) refers to sys_exit.o(.text) for _sys_exit
    defsig_exit.o(.text) refers to sys_exit.o(.text) for _sys_exit
    defsig_rtmem_inner.o(.text) refers to defsig_general.o(.text) for __default_signal_display
    __raise.o(.text) refers to defsig.o(CL$$defsig) for __default_signal_handler
    defsig_general.o(.text) refers to sys_wrch.o(.text) for _ttywrch
    sys_wrch.o(.text) refers (Special) to use_no_semi.o(.text) for __I$use$semihosting
    sys_wrch.o(.text) refers (Special) to indicate_semi.o(.text) for __semihosting_library_function
    defsig.o(CL$$defsig) refers to defsig_rtmem_inner.o(.text) for __rt_SIGRTMEM_inner
    defsig_abrt_inner.o(.text) refers to defsig_general.o(.text) for __default_signal_display
    defsig_fpe_inner.o(.text) refers to defsig_general.o(.text) for __default_signal_display
    defsig_rtred_inner.o(.text) refers to defsig_general.o(.text) for __default_signal_display
    defsig_stak_inner.o(.text) refers to defsig_general.o(.text) for __default_signal_display
    defsig_pvfn_inner.o(.text) refers to defsig_general.o(.text) for __default_signal_display
    defsig_cppl_inner.o(.text) refers to defsig_general.o(.text) for __default_signal_display
    defsig_segv_inner.o(.text) refers to defsig_general.o(.text) for __default_signal_display
    defsig_other.o(.text) refers to defsig_general.o(.text) for __default_signal_display


==============================================================================

Removing Unused input sections from the image.

    Removing switch.o(.rev16_text), (4 bytes).
    Removing switch.o(.revsh_text), (4 bytes).
    Removing switch.o(.rrx_text), (6 bytes).
    Removing tcpu.o(.rev16_text), (4 bytes).
    Removing tcpu.o(.revsh_text), (4 bytes).
    Removing tcpu.o(.rrx_text), (6 bytes).
    Removing startup_armcm7.o(HEAP), (3072 bytes).
    Removing system_armcm7.o(.rev16_text), (4 bytes).
    Removing system_armcm7.o(.revsh_text), (4 bytes).
    Removing system_armcm7.o(.rrx_text), (6 bytes).

10 unused section(s) (total 3114 bytes) removed from the image.

==============================================================================

Image Symbol Table

    Local Symbols

    Symbol Name                              Value     Ov Type        Size  Object(Section)

    RESET                                    0x00000000   Section      960  startup_armcm7.o(RESET)
    ../clib/angel/boardlib.s                 0x00000000   Number         0  boardinit1.o ABSOLUTE
    ../clib/angel/boardlib.s                 0x00000000   Number         0  boardinit2.o ABSOLUTE
    ../clib/angel/boardlib.s                 0x00000000   Number         0  boardinit3.o ABSOLUTE
    ../clib/angel/boardlib.s                 0x00000000   Number         0  boardshut.o ABSOLUTE
    ../clib/angel/handlers.s                 0x00000000   Number         0  __scatter_zi.o ABSOLUTE
    ../clib/angel/handlers.s                 0x00000000   Number         0  __scatter_copy.o ABSOLUTE
    ../clib/angel/kernel.s                   0x00000000   Number         0  __rtentry5.o ABSOLUTE
    ../clib/angel/kernel.s                   0x00000000   Number         0  rtexit2.o ABSOLUTE
    ../clib/angel/kernel.s                   0x00000000   Number         0  rtexit.o ABSOLUTE
    ../clib/angel/kernel.s                   0x00000000   Number         0  __rtentry4.o ABSOLUTE
    ../clib/angel/kernel.s                   0x00000000   Number         0  __rtentry.o ABSOLUTE
    ../clib/angel/kernel.s                   0x00000000   Number         0  __rtentry2.o ABSOLUTE
    ../clib/angel/rt.s                       0x00000000   Number         0  rt_raise.o ABSOLUTE
    ../clib/angel/scatter.s                  0x00000000   Number         0  __scatter.o ABSOLUTE
    ../clib/angel/startup.s                  0x00000000   Number         0  __main.o ABSOLUTE
    ../clib/angel/sys.s                      0x00000000   Number         0  indicate_semi.o ABSOLUTE
    ../clib/angel/sys.s                      0x00000000   Number         0  use_no_semi.o ABSOLUTE
    ../clib/angel/sys.s                      0x00000000   Number         0  sys_stackheap_outer.o ABSOLUTE
    ../clib/angel/sys.s                      0x00000000   Number         0  libspace.o ABSOLUTE
    ../clib/angel/sys.s                      0x00000000   Number         0  sys_stackheap.o ABSOLUTE
    ../clib/angel/sysapp.c                   0x00000000   Number         0  sys_wrch.o ABSOLUTE
    ../clib/angel/sysapp.c                   0x00000000   Number         0  sys_command.o ABSOLUTE
    ../clib/angel/sysapp.c                   0x00000000   Number         0  sys_exit.o ABSOLUTE
    ../clib/armsys.c                         0x00000000   Number         0  _get_argv_nomalloc.o ABSOLUTE
    ../clib/armsys.c                         0x00000000   Number         0  no_argv.o ABSOLUTE
    ../clib/armsys.c                         0x00000000   Number         0  argv_veneer.o ABSOLUTE
    ../clib/armsys.c                         0x00000000   Number         0  argv_veneer.o ABSOLUTE
    ../clib/heapalloc.c                      0x00000000   Number         0  hrguard.o ABSOLUTE
    ../clib/heapaux.c                        0x00000000   Number         0  heapauxi.o ABSOLUTE
    ../clib/libinit.s                        0x00000000   Number         0  libinit2.o ABSOLUTE
    ../clib/libinit.s                        0x00000000   Number         0  libshutdown.o ABSOLUTE
    ../clib/libinit.s                        0x00000000   Number         0  libshutdown2.o ABSOLUTE
    ../clib/libinit.s                        0x00000000   Number         0  libinit3.o ABSOLUTE
    ../clib/libinit.s                        0x00000000   Number         0  libinit.o ABSOLUTE
    ../clib/memcpset.s                       0x00000000   Number         0  rt_memclr_w.o ABSOLUTE
    ../clib/signal.c                         0x00000000   Number         0  defsig_rtmem_inner.o ABSOLUTE
    ../clib/signal.c                         0x00000000   Number         0  defsig_segv_inner.o ABSOLUTE
    ../clib/signal.c                         0x00000000   Number         0  defsig_cppl_inner.o ABSOLUTE
    ../clib/signal.c                         0x00000000   Number         0  defsig_pvfn_inner.o ABSOLUTE
    ../clib/signal.c                         0x00000000   Number         0  defsig_stak_inner.o ABSOLUTE
    ../clib/signal.c                         0x00000000   Number         0  defsig_rtred_inner.o ABSOLUTE
    ../clib/signal.c                         0x00000000   Number         0  defsig_fpe_inner.o ABSOLUTE
    ../clib/signal.c                         0x00000000   Number         0  defsig_other.o ABSOLUTE
    ../clib/signal.c                         0x00000000   Number         0  defsig_general.o ABSOLUTE
    ../clib/signal.c                         0x00000000   Number         0  __raise.o ABSOLUTE
    ../clib/signal.c                         0x00000000   Number         0  defsig_exit.o ABSOLUTE
    ../clib/signal.c                         0x00000000   Number         0  defsig_abrt_inner.o ABSOLUTE
    ../clib/signal.c                         0x00000000   Number         0  defsig_rtmem_formal.o ABSOLUTE
    ../clib/signal.c                         0x00000000   Number         0  defsig_rtmem_outer.o ABSOLUTE
    ../clib/signal.s                         0x00000000   Number         0  defsig.o ABSOLUTE
    ../clib/stdlib.c                         0x00000000   Number         0  exit.o ABSOLUTE
    ../fplib/fpinit.s                        0x00000000   Number         0  fpinit.o ABSOLUTE
    RTE\Device\ARMCM7\startup_ARMCM7.s       0x00000000   Number         0  startup_armcm7.o ABSOLUTE
    RTE\Device\ARMCM7\system_ARMCM7.c        0x00000000   Number         0  system_armcm7.o ABSOLUTE
    RTE\\Device\\ARMCM7\\system_ARMCM7.c     0x00000000   Number         0  system_armcm7.o ABSOLUTE
    Source\\switch.c                         0x00000000   Number         0  switch.o ABSOLUTE
    Source\\tCpu.c                           0x00000000   Number         0  tcpu.o ABSOLUTE
    Source\app.c                             0x00000000   Number         0  app.o ABSOLUTE
    Source\main.c                            0x00000000   Number         0  main.o ABSOLUTE
    Source\switch.c                          0x00000000   Number         0  switch.o ABSOLUTE
    Source\tBitmap.c                         0x00000000   Number         0  tbitmap.o ABSOLUTE
    Source\tCpu.c                            0x00000000   Number         0  tcpu.o ABSOLUTE
    Source\tEvent.c                          0x00000000   Number         0  tevent.o ABSOLUTE
    Source\tFlagGroup.c                      0x00000000   Number         0  tflaggroup.o ABSOLUTE
    Source\tHooks.c                          0x00000000   Number         0  thooks.o ABSOLUTE
    Source\tList.c                           0x00000000   Number         0  tlist.o ABSOLUTE
    Source\tMBox.c                           0x00000000   Number         0  tmbox.o ABSOLUTE
    Source\tMemBlock.c                       0x00000000   Number         0  tmemblock.o ABSOLUTE
    Source\tMutex.c                          0x00000000   Number         0  tmutex.o ABSOLUTE
    Source\tSem.c                            0x00000000   Number         0  tsem.o ABSOLUTE
    Source\tTask.c                           0x00000000   Number         0  ttask.o ABSOLUTE
    Source\tTime.c                           0x00000000   Number         0  ttime.o ABSOLUTE
    Source\tTimer.c                          0x00000000   Number         0  ttimer.o ABSOLUTE
    dc.s                                     0x00000000   Number         0  dc.o ABSOLUTE
    !!!main                                  0x000003c0   Section        8  __main.o(!!!main)
    !!!scatter                               0x000003c8   Section       52  __scatter.o(!!!scatter)
    !!handler_copy                           0x000003fc   Section       26  __scatter_copy.o(!!handler_copy)
    !!handler_zi                             0x00000418   Section       28  __scatter_zi.o(!!handler_zi)
    .ARM.Collect$$libinit$$00000000          0x00000434   Section        2  libinit.o(.ARM.Collect$$libinit$$00000000)
    .ARM.Collect$$libinit$$00000002          0x00000436   Section        0  libinit2.o(.ARM.Collect$$libinit$$00000002)
    .ARM.Collect$$libinit$$00000004          0x00000436   Section        0  libinit2.o(.ARM.Collect$$libinit$$00000004)
    .ARM.Collect$$libinit$$0000000A          0x00000436   Section        0  libinit2.o(.ARM.Collect$$libinit$$0000000A)
    .ARM.Collect$$libinit$$0000000C          0x00000436   Section        0  libinit2.o(.ARM.Collect$$libinit$$0000000C)
    .ARM.Collect$$libinit$$0000000E          0x00000436   Section        0  libinit2.o(.ARM.Collect$$libinit$$0000000E)
    .ARM.Collect$$libinit$$00000011          0x00000436   Section        0  libinit2.o(.ARM.Collect$$libinit$$00000011)
    .ARM.Collect$$libinit$$00000013          0x00000436   Section        0  libinit2.o(.ARM.Collect$$libinit$$00000013)
    .ARM.Collect$$libinit$$00000015          0x00000436   Section        0  libinit2.o(.ARM.Collect$$libinit$$00000015)
    .ARM.Collect$$libinit$$00000017          0x00000436   Section        0  libinit2.o(.ARM.Collect$$libinit$$00000017)
    .ARM.Collect$$libinit$$00000019          0x00000436   Section        0  libinit2.o(.ARM.Collect$$libinit$$00000019)
    .ARM.Collect$$libinit$$0000001B          0x00000436   Section        0  libinit2.o(.ARM.Collect$$libinit$$0000001B)
    .ARM.Collect$$libinit$$0000001D          0x00000436   Section        0  libinit2.o(.ARM.Collect$$libinit$$0000001D)
    .ARM.Collect$$libinit$$0000001F          0x00000436   Section        0  libinit2.o(.ARM.Collect$$libinit$$0000001F)
    .ARM.Collect$$libinit$$00000021          0x00000436   Section        0  libinit2.o(.ARM.Collect$$libinit$$00000021)
    .ARM.Collect$$libinit$$00000023          0x00000436   Section        0  libinit2.o(.ARM.Collect$$libinit$$00000023)
    .ARM.Collect$$libinit$$00000025          0x00000436   Section        0  libinit2.o(.ARM.Collect$$libinit$$00000025)
    .ARM.Collect$$libinit$$0000002C          0x00000436   Section        0  libinit2.o(.ARM.Collect$$libinit$$0000002C)
    .ARM.Collect$$libinit$$0000002E          0x00000436   Section        0  libinit2.o(.ARM.Collect$$libinit$$0000002E)
    .ARM.Collect$$libinit$$00000030          0x00000436   Section        0  libinit2.o(.ARM.Collect$$libinit$$00000030)
    .ARM.Collect$$libinit$$00000032          0x00000436   Section        0  libinit2.o(.ARM.Collect$$libinit$$00000032)
    .ARM.Collect$$libinit$$00000033          0x00000436   Section        2  libinit2.o(.ARM.Collect$$libinit$$00000033)
    .ARM.Collect$$libshutdown$$00000000      0x00000438   Section        2  libshutdown.o(.ARM.Collect$$libshutdown$$00000000)
    .ARM.Collect$$libshutdown$$00000002      0x0000043a   Section        0  libshutdown2.o(.ARM.Collect$$libshutdown$$00000002)
    .ARM.Collect$$libshutdown$$00000004      0x0000043a   Section        0  libshutdown2.o(.ARM.Collect$$libshutdown$$00000004)
    .ARM.Collect$$libshutdown$$00000007      0x0000043a   Section        0  libshutdown2.o(.ARM.Collect$$libshutdown$$00000007)
    .ARM.Collect$$libshutdown$$0000000A      0x0000043a   Section        0  libshutdown2.o(.ARM.Collect$$libshutdown$$0000000A)
    .ARM.Collect$$libshutdown$$0000000C      0x0000043a   Section        0  libshutdown2.o(.ARM.Collect$$libshutdown$$0000000C)
    .ARM.Collect$$libshutdown$$0000000F      0x0000043a   Section        0  libshutdown2.o(.ARM.Collect$$libshutdown$$0000000F)
    .ARM.Collect$$libshutdown$$00000010      0x0000043a   Section        2  libshutdown2.o(.ARM.Collect$$libshutdown$$00000010)
    .ARM.Collect$$rtentry$$00000000          0x0000043c   Section        0  __rtentry.o(.ARM.Collect$$rtentry$$00000000)
    .ARM.Collect$$rtentry$$00000002          0x0000043c   Section        0  __rtentry2.o(.ARM.Collect$$rtentry$$00000002)
    .ARM.Collect$$rtentry$$00000005          0x0000043c   Section        4  __rtentry5.o(.ARM.Collect$$rtentry$$00000005)
    .ARM.Collect$$rtentry$$00000009          0x00000440   Section        0  __rtentry2.o(.ARM.Collect$$rtentry$$00000009)
    .ARM.Collect$$rtentry$$0000000A          0x00000440   Section        4  __rtentry2.o(.ARM.Collect$$rtentry$$0000000A)
    .ARM.Collect$$rtentry$$0000000C          0x00000444   Section        0  __rtentry2.o(.ARM.Collect$$rtentry$$0000000C)
    .ARM.Collect$$rtentry$$0000000D          0x00000444   Section        8  __rtentry2.o(.ARM.Collect$$rtentry$$0000000D)
    .ARM.Collect$$rtentry$$00002716          0x0000044c   Section        4  __rtentry5.o(.ARM.Collect$$rtentry$$00002716)
    __lit__00000000                          0x0000044c   Data           4  __rtentry5.o(.ARM.Collect$$rtentry$$00002716)
    .ARM.Collect$$rtexit$$00000000           0x00000450   Section        2  rtexit.o(.ARM.Collect$$rtexit$$00000000)
    .ARM.Collect$$rtexit$$00000002           0x00000452   Section        0  rtexit2.o(.ARM.Collect$$rtexit$$00000002)
    .ARM.Collect$$rtexit$$00000003           0x00000452   Section        4  rtexit2.o(.ARM.Collect$$rtexit$$00000003)
    .ARM.Collect$$rtexit$$00000004           0x00000456   Section        6  rtexit2.o(.ARM.Collect$$rtexit$$00000004)
    .emb_text                                0x0000045c   Section       26  switch.o(.emb_text)
    .text                                    0x00000478   Section        0  main.o(.text)
    .text                                    0x00000770   Section        0  switch.o(.text)
    .text                                    0x000007d4   Section        0  tbitmap.o(.text)
    .text                                    0x00000850   Section        0  tlist.o(.text)
    .text                                    0x0000092c   Section        0  app.o(.text)
    .text                                    0x00000a30   Section        0  tcpu.o(.text)
    .text                                    0x00000a94   Section        0  ttask.o(.text)
    .text                                    0x00000cfc   Section        0  ttime.o(.text)
    .text                                    0x00000d28   Section        0  tevent.o(.text)
    .text                                    0x00000ec4   Section        0  thooks.o(.text)
    .text                                    0x00000ecc   Section       56  startup_armcm7.o(.text)
    .text                                    0x00000f04   Section        0  system_armcm7.o(.text)
    .text                                    0x00000f2c   Section       78  rt_memclr_w.o(.text)
    .text                                    0x00000f7a   Section        0  heapauxi.o(.text)
    .text                                    0x00000f80   Section        0  exit.o(.text)
    .text                                    0x00000f92   Section        2  use_no_semi.o(.text)
    .text                                    0x00000f94   Section        0  sys_exit.o(.text)
    .text                                    0x00000f94   Section        0  indicate_semi.o(.text)
    .constdata                               0x00000fa0   Section      256  tbitmap.o(.constdata)
    quickFindTable                           0x00000fa0   Data         256  tbitmap.o(.constdata)
    .data                                    0x20000000   Section       32  main.o(.data)
    .data                                    0x20000020   Section       16  app.o(.data)
    .data                                    0x20000030   Section        4  system_armcm7.o(.data)
    .bss                                     0x20000034   Section     4572  main.o(.bss)
    .bss                                     0x20001210   Section    16704  app.o(.bss)
    STACK                                    0x20005350   Section     1024  startup_armcm7.o(STACK)

    Global Symbols

    Symbol Name                              Value     Ov Type        Size  Object(Section)

    BuildAttributes$$THM_ISAv4$E$P$D$K$B$S$7EM$PE$PLD8$A:L22UL41UL21$X:L11$S22US41US21$IEEE1$IW$USESV6$~STKCKD$USESV7$~SHL$OSPACE$ROPI$EBA8$UX$STANDARDLIB$REQ8$PRES8$EABIv2 0x00000000   Number         0  anon$$obj.o ABSOLUTE
    __ARM_use_no_argv                        0x00000000   Number         0  main.o ABSOLUTE
    __Vectors                                0x00000000   Data           4  startup_armcm7.o(RESET)
    Image$$ZI$$Limit                          - Undefined Weak Reference
    __ARM_exceptions_init                     - Undefined Weak Reference
    __alloca_initialize                       - Undefined Weak Reference
    __arm_preinit_                            - Undefined Weak Reference
    __cpp_initialize__aeabi_                  - Undefined Weak Reference
    __cxa_finalize                            - Undefined Weak Reference
    __rt_locale                               - Undefined Weak Reference
    __sigvec_lookup                           - Undefined Weak Reference
    _atexit_init                              - Undefined Weak Reference
    _call_atexit_fns                          - Undefined Weak Reference
    _clock_init                               - Undefined Weak Reference
    _fp_trap_init                             - Undefined Weak Reference
    _fp_trap_shutdown                         - Undefined Weak Reference
    _get_lc_collate                           - Undefined Weak Reference
    _get_lc_ctype                             - Undefined Weak Reference
    _get_lc_monetary                          - Undefined Weak Reference
    _get_lc_numeric                           - Undefined Weak Reference
    _get_lc_time                              - Undefined Weak Reference
    _getenv_init                              - Undefined Weak Reference
    _handle_redirection                       - Undefined Weak Reference
    _init_alloc                               - Undefined Weak Reference
    _init_user_alloc                          - Undefined Weak Reference
    _initio                                   - Undefined Weak Reference
    _rand_init                                - Undefined Weak Reference
    _signal_finish                            - Undefined Weak Reference
    _signal_init                              - Undefined Weak Reference
    _terminate_alloc                          - Undefined Weak Reference
    _terminate_user_alloc                     - Undefined Weak Reference
    _terminateio                              - Undefined Weak Reference
    __Vectors_End                            0x000003c0   Data           0  startup_armcm7.o(RESET)
    __Vectors_Size                           0x000003c0   Number         0  startup_armcm7.o ABSOLUTE
    __main                                   0x000003c1   Thumb Code     8  __main.o(!!!main)
    __scatterload                            0x000003c9   Thumb Code     0  __scatter.o(!!!scatter)
    __scatterload_rt2                        0x000003c9   Thumb Code    44  __scatter.o(!!!scatter)
    __scatterload_rt2_thumb_only             0x000003c9   Thumb Code     0  __scatter.o(!!!scatter)
    __scatterload_null                       0x000003d7   Thumb Code     0  __scatter.o(!!!scatter)
    __scatterload_copy                       0x000003fd   Thumb Code    26  __scatter_copy.o(!!handler_copy)
    __scatterload_zeroinit                   0x00000419   Thumb Code    28  __scatter_zi.o(!!handler_zi)
    __rt_lib_init                            0x00000435   Thumb Code     0  libinit.o(.ARM.Collect$$libinit$$00000000)
    __rt_lib_init_alloca_1                   0x00000437   Thumb Code     0  libinit2.o(.ARM.Collect$$libinit$$0000002E)
    __rt_lib_init_argv_1                     0x00000437   Thumb Code     0  libinit2.o(.ARM.Collect$$libinit$$0000002C)
    __rt_lib_init_atexit_1                   0x00000437   Thumb Code     0  libinit2.o(.ARM.Collect$$libinit$$0000001B)
    __rt_lib_init_clock_1                    0x00000437   Thumb Code     0  libinit2.o(.ARM.Collect$$libinit$$00000021)
    __rt_lib_init_cpp_1                      0x00000437   Thumb Code     0  libinit2.o(.ARM.Collect$$libinit$$00000032)
    __rt_lib_init_exceptions_1               0x00000437   Thumb Code     0  libinit2.o(.ARM.Collect$$libinit$$00000030)
    __rt_lib_init_fp_1                       0x00000437   Thumb Code     0  libinit2.o(.ARM.Collect$$libinit$$00000002)
    __rt_lib_init_fp_trap_1                  0x00000437   Thumb Code     0  libinit2.o(.ARM.Collect$$libinit$$0000001F)
    __rt_lib_init_getenv_1                   0x00000437   Thumb Code     0  libinit2.o(.ARM.Collect$$libinit$$00000023)
    __rt_lib_init_heap_1                     0x00000437   Thumb Code     0  libinit2.o(.ARM.Collect$$libinit$$0000000A)
    __rt_lib_init_lc_collate_1               0x00000437   Thumb Code     0  libinit2.o(.ARM.Collect$$libinit$$00000011)
    __rt_lib_init_lc_ctype_1                 0x00000437   Thumb Code     0  libinit2.o(.ARM.Collect$$libinit$$00000013)
    __rt_lib_init_lc_monetary_1              0x00000437   Thumb Code     0  libinit2.o(.ARM.Collect$$libinit$$00000015)
    __rt_lib_init_lc_numeric_1               0x00000437   Thumb Code     0  libinit2.o(.ARM.Collect$$libinit$$00000017)
    __rt_lib_init_lc_time_1                  0x00000437   Thumb Code     0  libinit2.o(.ARM.Collect$$libinit$$00000019)
    __rt_lib_init_preinit_1                  0x00000437   Thumb Code     0  libinit2.o(.ARM.Collect$$libinit$$00000004)
    __rt_lib_init_rand_1                     0x00000437   Thumb Code     0  libinit2.o(.ARM.Collect$$libinit$$0000000E)
    __rt_lib_init_return                     0x00000437   Thumb Code     0  libinit2.o(.ARM.Collect$$libinit$$00000033)
    __rt_lib_init_signal_1                   0x00000437   Thumb Code     0  libinit2.o(.ARM.Collect$$libinit$$0000001D)
    __rt_lib_init_stdio_1                    0x00000437   Thumb Code     0  libinit2.o(.ARM.Collect$$libinit$$00000025)
    __rt_lib_init_user_alloc_1               0x00000437   Thumb Code     0  libinit2.o(.ARM.Collect$$libinit$$0000000C)
    __rt_lib_shutdown                        0x00000439   Thumb Code     0  libshutdown.o(.ARM.Collect$$libshutdown$$00000000)
    __rt_lib_shutdown_cpp_1                  0x0000043b   Thumb Code     0  libshutdown2.o(.ARM.Collect$$libshutdown$$00000002)
    __rt_lib_shutdown_fp_trap_1              0x0000043b   Thumb Code     0  libshutdown2.o(.ARM.Collect$$libshutdown$$00000007)
    __rt_lib_shutdown_heap_1                 0x0000043b   Thumb Code     0  libshutdown2.o(.ARM.Collect$$libshutdown$$0000000F)
    __rt_lib_shutdown_return                 0x0000043b   Thumb Code     0  libshutdown2.o(.ARM.Collect$$libshutdown$$00000010)
    __rt_lib_shutdown_signal_1               0x0000043b   Thumb Code     0  libshutdown2.o(.ARM.Collect$$libshutdown$$0000000A)
    __rt_lib_shutdown_stdio_1                0x0000043b   Thumb Code     0  libshutdown2.o(.ARM.Collect$$libshutdown$$00000004)
    __rt_lib_shutdown_user_alloc_1           0x0000043b   Thumb Code     0  libshutdown2.o(.ARM.Collect$$libshutdown$$0000000C)
    __rt_entry                               0x0000043d   Thumb Code     0  __rtentry.o(.ARM.Collect$$rtentry$$00000000)
    __rt_entry_presh_1                       0x0000043d   Thumb Code     0  __rtentry2.o(.ARM.Collect$$rtentry$$00000002)
    __rt_entry_sh                            0x0000043d   Thumb Code     0  __rtentry5.o(.ARM.Collect$$rtentry$$00000005)
    __rt_entry_li                            0x00000441   Thumb Code     0  __rtentry2.o(.ARM.Collect$$rtentry$$0000000A)
    __rt_entry_postsh_1                      0x00000441   Thumb Code     0  __rtentry2.o(.ARM.Collect$$rtentry$$00000009)
    __rt_entry_main                          0x00000445   Thumb Code     0  __rtentry2.o(.ARM.Collect$$rtentry$$0000000D)
    __rt_entry_postli_1                      0x00000445   Thumb Code     0  __rtentry2.o(.ARM.Collect$$rtentry$$0000000C)
    __rt_exit                                0x00000451   Thumb Code     0  rtexit.o(.ARM.Collect$$rtexit$$00000000)
    __rt_exit_ls                             0x00000453   Thumb Code     0  rtexit2.o(.ARM.Collect$$rtexit$$00000003)
    __rt_exit_prels_1                        0x00000453   Thumb Code     0  rtexit2.o(.ARM.Collect$$rtexit$$00000002)
    __rt_exit_exit                           0x00000457   Thumb Code     0  rtexit2.o(.ARM.Collect$$rtexit$$00000004)
    PendSV_Handler                           0x0000045d   Thumb Code    26  switch.o(.emb_text)
    tTaskHighestReady                        0x00000479   Thumb Code    32  main.o(.text)
    tTaskSchedInit                           0x00000499   Thumb Code    42  main.o(.text)
    tTaskSchedDisable                        0x000004c3   Thumb Code    34  main.o(.text)
    tTaskSched                               0x000004e5   Thumb Code    66  main.o(.text)
    tTaskSchedEnable                         0x00000527   Thumb Code    42  main.o(.text)
    tTaskSchedRdy                            0x00000551   Thumb Code    34  main.o(.text)
    tTaskSchedUnRdy                          0x00000573   Thumb Code    52  main.o(.text)
    tTaskSchedRemove                         0x000005a7   Thumb Code    52  main.o(.text)
    tTaskDelayedInit                         0x000005db   Thumb Code    10  main.o(.text)
    tTimeTaskWait                            0x000005e5   Thumb Code    28  main.o(.text)
    tTimeTaskWakeUp                          0x00000601   Thumb Code    24  main.o(.text)
    tTimeTaskRemove                          0x00000619   Thumb Code    16  main.o(.text)
    tTimeTickInit                            0x00000629   Thumb Code     8  main.o(.text)
    tTaskSystemTickHandler                   0x00000631   Thumb Code   178  main.o(.text)
    idleTaskEntry                            0x000006e3   Thumb Code    48  main.o(.text)
    main                                     0x00000713   Thumb Code    54  main.o(.text)
    tTaskEnterCritical                       0x00000771   Thumb Code    12  switch.o(.text)
    tTaskExitCritical                        0x0000077d   Thumb Code    10  switch.o(.text)
    saveAndLoadStackAddr                     0x00000787   Thumb Code    30  switch.o(.text)
    tTaskRunFirst                            0x000007a5   Thumb Code    24  switch.o(.text)
    tTaskSwitch                              0x000007bd   Thumb Code    12  switch.o(.text)
    tBitmapInit                              0x000007d5   Thumb Code     6  tbitmap.o(.text)
    tBitmapPosCount                          0x000007db   Thumb Code     4  tbitmap.o(.text)
    tBitmapSet                               0x000007df   Thumb Code    12  tbitmap.o(.text)
    tBitmapClear                             0x000007eb   Thumb Code    12  tbitmap.o(.text)
    tBitmapGetFirstSet                       0x000007f7   Thumb Code    86  tbitmap.o(.text)
    tNodeInit                                0x00000851   Thumb Code     6  tlist.o(.text)
    tListInit                                0x00000857   Thumb Code    10  tlist.o(.text)
    tListCount                               0x00000861   Thumb Code     6  tlist.o(.text)
    tListFirst                               0x00000867   Thumb Code    12  tlist.o(.text)
    tListLast                                0x00000873   Thumb Code    12  tlist.o(.text)
    tListPre                                 0x0000087f   Thumb Code    16  tlist.o(.text)
    tListNext                                0x0000088f   Thumb Code    16  tlist.o(.text)
    tListRemoveAll                           0x0000089f   Thumb Code    32  tlist.o(.text)
    tListAddFirst                            0x000008bf   Thumb Code    24  tlist.o(.text)
    tListAddLast                             0x000008d7   Thumb Code    20  tlist.o(.text)
    tListRemoveFirst                         0x000008eb   Thumb Code    26  tlist.o(.text)
    tListInsertAfter                         0x00000905   Thumb Code    20  tlist.o(.text)
    tListRemove                              0x00000919   Thumb Code    20  tlist.o(.text)
    task1Entry                               0x0000092d   Thumb Code    26  app.o(.text)
    task2Entry                               0x00000947   Thumb Code    26  app.o(.text)
    task3Entry                               0x00000961   Thumb Code    26  app.o(.text)
    task4Entry                               0x0000097b   Thumb Code    26  app.o(.text)
    tInitApp                                 0x00000995   Thumb Code   108  app.o(.text)
    tSetSysTickPeriod                        0x00000a31   Thumb Code    78  tcpu.o(.text)
    SysTick_Handler                          0x00000a7f   Thumb Code     8  tcpu.o(.text)
    tTaskInit                                0x00000a95   Thumb Code   226  ttask.o(.text)
    tTaskSuspend                             0x00000b77   Thumb Code    64  ttask.o(.text)
    tTaskWakeUp                              0x00000bb7   Thumb Code    54  ttask.o(.text)
    tTaskSetCleanCallFunc                    0x00000bed   Thumb Code     6  ttask.o(.text)
    tTaskForceDelete                         0x00000bf3   Thumb Code    74  ttask.o(.text)
    tTaskRequestDelete                       0x00000c3d   Thumb Code    24  ttask.o(.text)
    tTaskIsRequestedDelete                   0x00000c55   Thumb Code    26  ttask.o(.text)
    tTaskDeleteSelf                          0x00000c6f   Thumb Code    50  ttask.o(.text)
    tTaskGetInfo                             0x00000ca1   Thumb Code    86  ttask.o(.text)
    tTaskDelay                               0x00000cfd   Thumb Code    40  ttime.o(.text)
    tEventInit                               0x00000d29   Thumb Code    16  tevent.o(.text)
    tEventWait                               0x00000d39   Thumb Code    76  tevent.o(.text)
    tEventWakeUp                             0x00000d85   Thumb Code    78  tevent.o(.text)
    tEventWakeUpTask                         0x00000dd3   Thumb Code    70  tevent.o(.text)
    tEventRemoveTask                         0x00000e19   Thumb Code    54  tevent.o(.text)
    tEventRemoveAll                          0x00000e4f   Thumb Code    88  tevent.o(.text)
    tEventWaitCount                          0x00000ea7   Thumb Code    30  tevent.o(.text)
    tHooksCpuIdle                            0x00000ec5   Thumb Code     2  thooks.o(.text)
    tHooksSysTick                            0x00000ec7   Thumb Code     2  thooks.o(.text)
    tHooksTaskSwitch                         0x00000ec9   Thumb Code     2  thooks.o(.text)
    tHooksTaskInit                           0x00000ecb   Thumb Code     2  thooks.o(.text)
    Reset_Handler                            0x00000ecd   Thumb Code     8  startup_armcm7.o(.text)
    NMI_Handler                              0x00000ed5   Thumb Code     2  startup_armcm7.o(.text)
    HardFault_Handler                        0x00000ed7   Thumb Code     2  startup_armcm7.o(.text)
    MemManage_Handler                        0x00000ed9   Thumb Code     2  startup_armcm7.o(.text)
    BusFault_Handler                         0x00000edb   Thumb Code     2  startup_armcm7.o(.text)
    UsageFault_Handler                       0x00000edd   Thumb Code     2  startup_armcm7.o(.text)
    SVC_Handler                              0x00000edf   Thumb Code     2  startup_armcm7.o(.text)
    DebugMon_Handler                         0x00000ee1   Thumb Code     2  startup_armcm7.o(.text)
    Interrupt0_Handler                       0x00000ee7   Thumb Code     2  startup_armcm7.o(.text)
    Interrupt1_Handler                       0x00000ee9   Thumb Code     2  startup_armcm7.o(.text)
    Interrupt2_Handler                       0x00000eeb   Thumb Code     2  startup_armcm7.o(.text)
    Interrupt3_Handler                       0x00000eed   Thumb Code     2  startup_armcm7.o(.text)
    Interrupt4_Handler                       0x00000eef   Thumb Code     2  startup_armcm7.o(.text)
    Interrupt5_Handler                       0x00000ef1   Thumb Code     2  startup_armcm7.o(.text)
    Interrupt6_Handler                       0x00000ef3   Thumb Code     2  startup_armcm7.o(.text)
    Interrupt7_Handler                       0x00000ef5   Thumb Code     2  startup_armcm7.o(.text)
    Interrupt8_Handler                       0x00000ef7   Thumb Code     2  startup_armcm7.o(.text)
    Interrupt9_Handler                       0x00000ef9   Thumb Code     2  startup_armcm7.o(.text)
    SystemCoreClockUpdate                    0x00000f05   Thumb Code     8  system_armcm7.o(.text)
    SystemInit                               0x00000f0d   Thumb Code    14  system_armcm7.o(.text)
    __aeabi_memclr4                          0x00000f2d   Thumb Code     0  rt_memclr_w.o(.text)
    __aeabi_memclr8                          0x00000f2d   Thumb Code     0  rt_memclr_w.o(.text)
    __rt_memclr_w                            0x00000f2d   Thumb Code    78  rt_memclr_w.o(.text)
    _memset_w                                0x00000f31   Thumb Code     0  rt_memclr_w.o(.text)
    __use_two_region_memory                  0x00000f7b   Thumb Code     2  heapauxi.o(.text)
    __rt_heap_escrow$2region                 0x00000f7d   Thumb Code     2  heapauxi.o(.text)
    __rt_heap_expand$2region                 0x00000f7f   Thumb Code     2  heapauxi.o(.text)
    exit                                     0x00000f81   Thumb Code    18  exit.o(.text)
    __I$use$semihosting                      0x00000f93   Thumb Code     0  use_no_semi.o(.text)
    __use_no_semihosting_swi                 0x00000f93   Thumb Code     2  use_no_semi.o(.text)
    __semihosting_library_function           0x00000f95   Thumb Code     0  indicate_semi.o(.text)
    _sys_exit                                0x00000f95   Thumb Code     8  sys_exit.o(.text)
    Region$$Table$$Base                      0x000010a0   Number         0  anon$$obj.o(Region$$Table)
    Region$$Table$$Limit                     0x000010c0   Number         0  anon$$obj.o(Region$$Table)
    currentTask                              0x20000000   Data           4  main.o(.data)
    nextTask                                 0x20000004   Data           4  main.o(.data)
    idleTask                                 0x20000008   Data           4  main.o(.data)
    taskPrioBitmap                           0x2000000c   Data           4  main.o(.data)
    schedLockCount                           0x20000010   Data           1  main.o(.data)
    tickCount                                0x20000014   Data           4  main.o(.data)
    idleCount                                0x20000018   Data           4  main.o(.data)
    idleMaxCount                             0x2000001c   Data           4  main.o(.data)
    task1Flag                                0x20000020   Data           4  app.o(.data)
    task2Flag                                0x20000024   Data           4  app.o(.data)
    task3Flag                                0x20000028   Data           4  app.o(.data)
    task4Flag                                0x2000002c   Data           4  app.o(.data)
    SystemCoreClock                          0x20000030   Data           4  system_armcm7.o(.data)
    taskTable                                0x20000034   Data         384  main.o(.bss)
    tTaskDelayedList                         0x200001b4   Data          12  main.o(.bss)
    tTaskIdle                                0x200001c0   Data          80  main.o(.bss)
    idleTaskEnv                              0x20000210   Data        4096  main.o(.bss)
    tTask1                                   0x20001210   Data          80  app.o(.bss)
    tTask2                                   0x20001260   Data          80  app.o(.bss)
    tTask3                                   0x200012b0   Data          80  app.o(.bss)
    tTask4                                   0x20001300   Data          80  app.o(.bss)
    task1Env                                 0x20001350   Data        4096  app.o(.bss)
    task2Env                                 0x20002350   Data        4096  app.o(.bss)
    task3Env                                 0x20003350   Data        4096  app.o(.bss)
    task4Env                                 0x20004350   Data        4096  app.o(.bss)
    __stack_limit                            0x20005350   Data           0  startup_armcm7.o(STACK)
    __initial_sp                             0x20005750   Data           0  startup_armcm7.o(STACK)



==============================================================================

Memory Map of the image

  Image Entry point : 0x000003c1

  Load Region LR_IROM1 (Base: 0x00000000, Size: 0x000010f4, Max: 0x00040000, ABSOLUTE)

    Execution Region ER_IROM1 (Exec base: 0x00000000, Load base: 0x00000000, Size: 0x000010c0, Max: 0x00040000, ABSOLUTE)

    Exec Addr    Load Addr    Size         Type   Attr      Idx    E Section Name        Object

    0x00000000   0x00000000   0x000003c0   Data   RO          272    RESET               startup_armcm7.o
    0x000003c0   0x000003c0   0x00000008   Code   RO          314  * !!!main             c_w.l(__main.o)
    0x000003c8   0x000003c8   0x00000034   Code   RO          482    !!!scatter          c_w.l(__scatter.o)
    0x000003fc   0x000003fc   0x0000001a   Code   RO          484    !!handler_copy      c_w.l(__scatter_copy.o)
    0x00000416   0x00000416   0x00000002   PAD
    0x00000418   0x00000418   0x0000001c   Code   RO          486    !!handler_zi        c_w.l(__scatter_zi.o)
    0x00000434   0x00000434   0x00000002   Code   RO          346    .ARM.Collect$$libinit$$00000000  c_w.l(libinit.o)
    0x00000436   0x00000436   0x00000000   Code   RO          355    .ARM.Collect$$libinit$$00000002  c_w.l(libinit2.o)
    0x00000436   0x00000436   0x00000000   Code   RO          357    .ARM.Collect$$libinit$$00000004  c_w.l(libinit2.o)
    0x00000436   0x00000436   0x00000000   Code   RO          360    .ARM.Collect$$libinit$$0000000A  c_w.l(libinit2.o)
    0x00000436   0x00000436   0x00000000   Code   RO          362    .ARM.Collect$$libinit$$0000000C  c_w.l(libinit2.o)
    0x00000436   0x00000436   0x00000000   Code   RO          364    .ARM.Collect$$libinit$$0000000E  c_w.l(libinit2.o)
    0x00000436   0x00000436   0x00000000   Code   RO          367    .ARM.Collect$$libinit$$00000011  c_w.l(libinit2.o)
    0x00000436   0x00000436   0x00000000   Code   RO          369    .ARM.Collect$$libinit$$00000013  c_w.l(libinit2.o)
    0x00000436   0x00000436   0x00000000   Code   RO          371    .ARM.Collect$$libinit$$00000015  c_w.l(libinit2.o)
    0x00000436   0x00000436   0x00000000   Code   RO          373    .ARM.Collect$$libinit$$00000017  c_w.l(libinit2.o)
    0x00000436   0x00000436   0x00000000   Code   RO          375    .ARM.Collect$$libinit$$00000019  c_w.l(libinit2.o)
    0x00000436   0x00000436   0x00000000   Code   RO          377    .ARM.Collect$$libinit$$0000001B  c_w.l(libinit2.o)
    0x00000436   0x00000436   0x00000000   Code   RO          379    .ARM.Collect$$libinit$$0000001D  c_w.l(libinit2.o)
    0x00000436   0x00000436   0x00000000   Code   RO          381    .ARM.Collect$$libinit$$0000001F  c_w.l(libinit2.o)
    0x00000436   0x00000436   0x00000000   Code   RO          383    .ARM.Collect$$libinit$$00000021  c_w.l(libinit2.o)
    0x00000436   0x00000436   0x00000000   Code   RO          385    .ARM.Collect$$libinit$$00000023  c_w.l(libinit2.o)
    0x00000436   0x00000436   0x00000000   Code   RO          387    .ARM.Collect$$libinit$$00000025  c_w.l(libinit2.o)
    0x00000436   0x00000436   0x00000000   Code   RO          391    .ARM.Collect$$libinit$$0000002C  c_w.l(libinit2.o)
    0x00000436   0x00000436   0x00000000   Code   RO          393    .ARM.Collect$$libinit$$0000002E  c_w.l(libinit2.o)
    0x00000436   0x00000436   0x00000000   Code   RO          395    .ARM.Collect$$libinit$$00000030  c_w.l(libinit2.o)
    0x00000436   0x00000436   0x00000000   Code   RO          397    .ARM.Collect$$libinit$$00000032  c_w.l(libinit2.o)
    0x00000436   0x00000436   0x00000002   Code   RO          398    .ARM.Collect$$libinit$$00000033  c_w.l(libinit2.o)
    0x00000438   0x00000438   0x00000002   Code   RO          425    .ARM.Collect$$libshutdown$$00000000  c_w.l(libshutdown.o)
    0x0000043a   0x0000043a   0x00000000   Code   RO          435    .ARM.Collect$$libshutdown$$00000002  c_w.l(libshutdown2.o)
    0x0000043a   0x0000043a   0x00000000   Code   RO          437    .ARM.Collect$$libshutdown$$00000004  c_w.l(libshutdown2.o)
    0x0000043a   0x0000043a   0x00000000   Code   RO          440    .ARM.Collect$$libshutdown$$00000007  c_w.l(libshutdown2.o)
    0x0000043a   0x0000043a   0x00000000   Code   RO          443    .ARM.Collect$$libshutdown$$0000000A  c_w.l(libshutdown2.o)
    0x0000043a   0x0000043a   0x00000000   Code   RO          445    .ARM.Collect$$libshutdown$$0000000C  c_w.l(libshutdown2.o)
    0x0000043a   0x0000043a   0x00000000   Code   RO          448    .ARM.Collect$$libshutdown$$0000000F  c_w.l(libshutdown2.o)
    0x0000043a   0x0000043a   0x00000002   Code   RO          449    .ARM.Collect$$libshutdown$$00000010  c_w.l(libshutdown2.o)
    0x0000043c   0x0000043c   0x00000000   Code   RO          316    .ARM.Collect$$rtentry$$00000000  c_w.l(__rtentry.o)
    0x0000043c   0x0000043c   0x00000000   Code   RO          318    .ARM.Collect$$rtentry$$00000002  c_w.l(__rtentry2.o)
    0x0000043c   0x0000043c   0x00000004   Code   RO          332    .ARM.Collect$$rtentry$$00000005  c_w.l(__rtentry5.o)
    0x00000440   0x00000440   0x00000000   Code   RO          320    .ARM.Collect$$rtentry$$00000009  c_w.l(__rtentry2.o)
    0x00000440   0x00000440   0x00000004   Code   RO          321    .ARM.Collect$$rtentry$$0000000A  c_w.l(__rtentry2.o)
    0x00000444   0x00000444   0x00000000   Code   RO          323    .ARM.Collect$$rtentry$$0000000C  c_w.l(__rtentry2.o)
    0x00000444   0x00000444   0x00000008   Code   RO          324    .ARM.Collect$$rtentry$$0000000D  c_w.l(__rtentry2.o)
    0x0000044c   0x0000044c   0x00000004   Code   RO          333    .ARM.Collect$$rtentry$$00002716  c_w.l(__rtentry5.o)
    0x00000450   0x00000450   0x00000002   Code   RO          352    .ARM.Collect$$rtexit$$00000000  c_w.l(rtexit.o)
    0x00000452   0x00000452   0x00000000   Code   RO          407    .ARM.Collect$$rtexit$$00000002  c_w.l(rtexit2.o)
    0x00000452   0x00000452   0x00000004   Code   RO          408    .ARM.Collect$$rtexit$$00000003  c_w.l(rtexit2.o)
    0x00000456   0x00000456   0x00000006   Code   RO          409    .ARM.Collect$$rtexit$$00000004  c_w.l(rtexit2.o)
    0x0000045c   0x0000045c   0x0000001a   Code   RO           61    .emb_text           switch.o
    0x00000476   0x00000476   0x00000002   PAD
    0x00000478   0x00000478   0x000002f8   Code   RO            1    .text               main.o
    0x00000770   0x00000770   0x00000064   Code   RO           62    .text               switch.o
    0x000007d4   0x000007d4   0x0000007c   Code   RO          114    .text               tbitmap.o
    0x00000850   0x00000850   0x000000dc   Code   RO          127    .text               tlist.o
    0x0000092c   0x0000092c   0x00000104   Code   RO          139    .text               app.o
    0x00000a30   0x00000a30   0x00000064   Code   RO          158    .text               tcpu.o
    0x00000a94   0x00000a94   0x00000268   Code   RO          186    .text               ttask.o
    0x00000cfc   0x00000cfc   0x0000002c   Code   RO          198    .text               ttime.o
    0x00000d28   0x00000d28   0x0000019c   Code   RO          210    .text               tevent.o
    0x00000ec4   0x00000ec4   0x00000008   Code   RO          258    .text               thooks.o
    0x00000ecc   0x00000ecc   0x00000038   Code   RO          273    .text               startup_armcm7.o
    0x00000f04   0x00000f04   0x00000028   Code   RO          280    .text               system_armcm7.o
    0x00000f2c   0x00000f2c   0x0000004e   Code   RO          310    .text               c_w.l(rt_memclr_w.o)
    0x00000f7a   0x00000f7a   0x00000006   Code   RO          312    .text               c_w.l(heapauxi.o)
    0x00000f80   0x00000f80   0x00000012   Code   RO          339    .text               c_w.l(exit.o)
    0x00000f92   0x00000f92   0x00000002   Code   RO          403    .text               c_w.l(use_no_semi.o)
    0x00000f94   0x00000f94   0x00000000   Code   RO          405    .text               c_w.l(indicate_semi.o)
    0x00000f94   0x00000f94   0x0000000c   Code   RO          417    .text               c_w.l(sys_exit.o)
    0x00000fa0   0x00000fa0   0x00000100   Data   RO          115    .constdata          tbitmap.o
    0x000010a0   0x000010a0   0x00000020   Data   RO          480    Region$$Table       anon$$obj.o


    Execution Region RW_IRAM1 (Exec base: 0x20000000, Load base: 0x000010c0, Size: 0x00005750, Max: 0x00020000, ABSOLUTE)

    Exec Addr    Load Addr    Size         Type   Attr      Idx    E Section Name        Object

    0x20000000   0x000010c0   0x00000020   Data   RW            3    .data               main.o
    0x20000020   0x000010e0   0x00000010   Data   RW          141    .data               app.o
    0x20000030   0x000010f0   0x00000004   Data   RW          281    .data               system_armcm7.o
    0x20000034        -       0x000011dc   Zero   RW            2    .bss                main.o
    0x20001210        -       0x00004140   Zero   RW          140    .bss                app.o
    0x20005350        -       0x00000400   Zero   RW          270    STACK               startup_armcm7.o


==============================================================================

Image component sizes


      Code (inc. data)   RO Data    RW Data    ZI Data      Debug   Object Name

       260         48          0         16      16704       2057   app.o
       760         40          0         32       4572      11327   main.o
        56         10        960          0       1024       1244   startup_armcm7.o
       126         12          0          0          0       8386   switch.o
        40         18          0          4          0        969   system_armcm7.o
       124          4        256          0          0       1789   tbitmap.o
       100         14          0          0          0      36699   tcpu.o
       412          0          0          0          0       3167   tevent.o
         8          0          0          0          0       1326   thooks.o
       220          0          0          0          0       3413   tlist.o
       616          6          0          0          0       3151   ttask.o
        44          4          0          0          0        589   ttime.o

    ----------------------------------------------------------------------
      2768        156       1248         52      22300      74117   Object Totals
         0          0         32          0          0          0   (incl. Generated)
         2          0          0          0          0          0   (incl. Padding)

    ----------------------------------------------------------------------

      Code (inc. data)   RO Data    RW Data    ZI Data      Debug   Library Member Name

         8          0          0          0          0         68   __main.o
         0          0          0          0          0          0   __rtentry.o
        12          0          0          0          0          0   __rtentry2.o
         8          4          0          0          0          0   __rtentry5.o
        52          8          0          0          0          0   __scatter.o
        26          0          0          0          0          0   __scatter_copy.o
        28          0          0          0          0          0   __scatter_zi.o
        18          0          0          0          0         80   exit.o
         6          0          0          0          0        152   heapauxi.o
         0          0          0          0          0          0   indicate_semi.o
         2          0          0          0          0          0   libinit.o
         2          0          0          0          0          0   libinit2.o
         2          0          0          0          0          0   libshutdown.o
         2          0          0          0          0          0   libshutdown2.o
        78          0          0          0          0         80   rt_memclr_w.o
         2          0          0          0          0          0   rtexit.o
        10          0          0          0          0          0   rtexit2.o
        12          4          0          0          0         68   sys_exit.o
         2          0          0          0          0         68   use_no_semi.o

    ----------------------------------------------------------------------
       272         16          0          0          0        516   Library Totals
         2          0          0          0          0          0   (incl. Padding)

    ----------------------------------------------------------------------

      Code (inc. data)   RO Data    RW Data    ZI Data      Debug   Library Name

       270         16          0          0          0        516   c_w.l

    ----------------------------------------------------------------------
       272         16          0          0          0        516   Library Totals

    ----------------------------------------------------------------------

==============================================================================


      Code (inc. data)   RO Data    RW Data    ZI Data      Debug   

      3040        172       1248         52      22300      73537   Grand Totals
      3040        172       1248         52      22300      73537   ELF Image Totals
      3040        172       1248         52          0          0   ROM Totals

==============================================================================

    Total RO  Size (Code + RO Data)                 4288 (   4.19kB)
    Total RW  Size (RW Data + ZI Data)             22352 (  21.83kB)
    Total ROM Size (Code + RO Data + RW Data)       4340 (   4.24kB)

==============================================================================

